user QAS
preuser S
Q
alive 1
money 10000
point 0
item1 0
item2 0
item3 0
buff 0
stop 0
userloc 14
A
alive 1
money 10000
point 0
item1 0
item2 0
item3 0
buff 0
stop 3
userloc 16
S
alive 1
money 10000
point 0
item1 0
item2 0
item3 0
buff 0
stop 0
userloc 3
J
alive 0
money 0
point 0
item1 0
item2 0
item3 0
buff 0
stop 0
userloc 0
MAP
mapuser 3 S
mapuser 14 Q
mapuser 16 A
map 1 Q 3
map 2 Q 3
map 3 Q 3
map 4 Q 3
map 5 Q 3
map 15 Q 3
